// Jest Snapshot v1, https://goo.gl/fbAQLP

exports[`pruebas sobre el entryview debe hacer match con el snapshot 1`] = `
<div class="entry-title d-flex justify-content-between p-2">
  <div><span class="text-success fs-3 fw-bold">22</span><span class="mx-1 fs-3">Febrero</span><span class="mx-2 fs-4 fw-light">2022, Martes</span></div>
  <div><button class="btn btn-danger mx-2"> Borrar <i class="fa fa-trash-alt"></i></button><input type="file" accept="image/png, image/jpeg" style="display: none;"><button class="btn btn-primary"> Subir foto <i class="fa fa-upload"></i></button></div>
</div>
<hr>
<div class="d-flex flex-column px-3 h-75"><textarea placeholder="Â¿Que sucedio hoy?"></textarea></div>
<!--v-if-->
<!--v-if-->
<fab-stub icon="fa fa-save"></fab-stub>
`;
